// Jest Snapshot v1, https://goo.gl/fbAQLP

exports[`(Component) ComplexComponent render() should render the component 1`] = `
<div>
  <h3>
    TEST
  </h3>
  <button
    className="ui button"
    id="click-me-btn"
    onClick={[Function]}
  >
    Click me!
  </button>
  <button
    className="ui button"
    id="decrease-btn"
    onClick={[Function]}
  >
    -
  </button>
  <button
    className="ui button"
    id="increase-btn"
    onClick={[Function]}
  >
    +
  </button>
  <p>
    0
  </p>
</div>
`;
